// Vitest Snapshot v1, https://vitest.dev/guide/snapshot.html

exports[`renderMerchantDialogue — golden copy snapshot > renders a stable accept reaction for the fixture encounter 1`] = `"It already looks at home with you."`;

exports[`renderMerchantDialogue — golden copy snapshot > renders a stable line for one fixture encounter per archetype 1`] = `
{
  "add_site": "The dreamscape will widen, if you let it.",
  "card_bundle": "Keep them whole and you'll hear them hum.",
  "category_draft_known": "These belong to one another, and soon to you.",
  "copies_draft": "What repeats becomes certain. Choose what you trust.",
  "dreamsign": "A faithful light. It asks nothing and gives daily.",
  "dreamsign_draft": "Many guardians offered; you may keep a single one.",
  "duplicate": "Doubling what already works is the oldest magic.",
  "fit_card_draft": "Choose freely — none of them are strangers to your path.",
  "fit_card_grant": "This was always going to end up in your hands.",
  "keyword_mod": "A single new gift, and everything after it shifts.",
  "purge": "Release it, and feel how the road opens.",
  "purge_replace": "One leaves so a better thing can take its seat.",
  "starter_transfigure": "Even the plainest seed remembers how to bloom.",
  "strong_card": "Power, plainly. The dream doesn't dress it up.",
  "transfigure": "A little heat, a little patience, and it changes.",
  "transfigured_draft": "I polished these in the long dark. Look how they shine.",
  "tribal_change": "It only ever wanted to belong somewhere else.",
}
`;
